
> assistly@1.0.0 build
> react-scripts build

node.exe : (node:25560) [DEP0176] DeprecationWarning: fs.F_OK is deprecated, use fs.constants.F_OK instead
At line:1 char:1
+ & "C:\Program Files\nodejs/node.exe" "C:\Program Files\nodejs/node_mo ...
+ ~~~~~~~~~~~~~~~~~~~~~~~~~~~~~~~~~~~~~~~~~~~~~~~~~~~~~~~~~~~~~~~~~~~~~
    + CategoryInfo          : NotSpecified: ((node:25560) [D...ts.F_OK instead:String) [], RemoteException
    + FullyQualifiedErrorId : NativeCommandError
 
(Use `node --trace-deprecation ...` to show where the warning was created)
Creating an optimized production build...
Compiled with warnings.

[eslint] 
src\App.js
  Line 753:25:  Unexpected console statement  no-console

src\components\Chatbot.js
  Line 106:7:  Unexpected console statement  no-console

src\components\CommunityLeaderboard.js
  Line 24:17:  'TrendingIcon' is defined but never used. Allowed unused vars must match /^_/u                                       no-unused-vars
  Line 28:23:  'BadgeIcon' is defined but never used. Allowed unused vars must match /^_/u                                          no-unused-vars
  Line 31:45:  'orderBy' is defined but never used. Allowed unused vars must match /^_/u                                            no-unused-vars
  Line 31:54:  'limit' is defined but never used. Allowed unused vars must match /^_/u                                              no-unused-vars
  Line 46:6:   React Hook useEffect has a missing dependency: 'fetchLeaderboard'. Either include it or remove the dependency array  react-hooks/exhaustive-deps

src\components\Dashboard.js
  Line 123:9:   Unexpected console statement                                                                                                                                                                                                                                                        no-console
  Line 141:11:  Unexpected console statement                                                                                                                                                                                                                                                        no-console
  Line 167:11:  Unexpected console statement                                                                                                                                                                                                                                                        no-console
  Line 482:6:   React Hook useEffect has missing dependencies: 'helpedRequests', 'myRequests', and 'userStats.impact'. Either include them or remove the dependency array. You can also do a functional update 'setMyRequests(m => ...)' if you only need 'myRequests' in the 'setMyRequests' call  react-hooks/exhaustive-deps
  Line 662:22:  'updatedData' is defined but never used. Allowed unused args must match /^_/u                                                                                                                                                                                                       no-unused-vars

src\components\DatabaseInitializer.js
  Line 25:3:   'Chip' is defined but never used. Allowed unused vars must match /^_/u       no-unused-vars
  Line 29:12:  'ErrorIcon' is defined but never used. Allowed unused vars must match /^_/u  no-unused-vars

src\components\ErrorBoundary.js
  Line 11:35:  'error' is defined but never used. Allowed unused args must match /^_/u  no-unused-vars

src\components\LocationVerification.js
  Line 55:6:  React Hook useEffect has a missing dependency: 'getUserLocation'. Either include it or remove the dependency array  react-hooks/exhaustive-deps

src\components\Login.js
  Line 40:10:   'authProvider' is assigned a value but never used. Allowed unused vars must match /^_/u  no-unused-vars
  Line 109:13:  'result' is assigned a value but never used. Allowed unused vars must match /^_/u        no-unused-vars

src\components\MessageThread.js
  Line 11:3:   'Avatar' is defined but never used. Allowed unused vars must match /^_/u   no-unused-vars
  Line 14:3:   'Divider' is defined but never used. Allowed unused vars must match /^_/u  no-unused-vars
  Line 21:36:  'orderBy' is defined but never used. Allowed unused vars must match /^_/u  no-unused-vars

src\components\NotificationCenter.js
  Line 6:3:    'MenuItem' is defined but never used. Allowed unused vars must match /^_/u   no-unused-vars
  Line 22:12:  'CloseIcon' is defined but never used. Allowed unused vars must match /^_/u  no-unused-vars

src\components\PendingJoinRequest.js
  Line 10:3:  'Chip' is defined but never used. Allowed unused vars must match /^_/u                                              no-unused-vars
  Line 34:6:  React Hook useEffect has a missing dependency: 'loadJoinRequest'. Either include it or remove the dependency array  react-hooks/exhaustive-deps

src\components\ProfileEditor.js
  Line 21:3:  'ToggleButtonGroup' is defined but never used. Allowed unused vars must match /^_/u  no-unused-vars
  Line 22:3:  'ToggleButton' is defined but never used. Allowed unused vars must match /^_/u       no-unused-vars

src\components\RatingDialog.js
  Line 15:26:  'arrayUnion' is defined but never used. Allowed unused vars must match /^_/u  no-unused-vars

src\components\RequestCard.js
  Line 32:9:  'getStatusColor' is assigned a value but never used. Allowed unused vars must match /^_/u  no-unused-vars

src\components\RequestTemplates.js
  Line 16:3:  'Tooltip' is defined but never used. Allowed unused vars must match /^_/u  no-unused-vars

src\components\SignUp.js
  Line 29:18:  'RouterLink' is defined but never used. Allowed unused vars must match /^_/u       no-unused-vars
  Line 30:25:  'sanitizeInput' is defined but never used. Allowed unused vars must match /^_/u    no-unused-vars
  Line 96:13:  'result' is assigned a value but never used. Allowed unused vars must match /^_/u  no-unused-vars

src\components\UserProfile.js
  Line 14:3:   'IconButton' is defined but never used. Allowed unused vars must match /^_/u                                                                         no-unused-vars
  Line 39:13:  'ShieldIcon' is defined but never used. Allowed unused vars must match /^_/u                                                                         no-unused-vars
  Line 46:10:  'formatDate' is defined but never used. Allowed unused vars must match /^_/u                                                                         no-unused-vars
  Line 47:10:  'getTrustScoreColor' is defined but never used. Allowed unused vars must match /^_/u                                                                 no-unused-vars
  Line 72:10:  'trustScore' is assigned a value but never used. Allowed unused vars must match /^_/u                                                                no-unused-vars
  Line 80:6:   React Hook useEffect has missing dependencies: 'loadProfile', 'loadStats', and 'loadTrustScore'. Either include them or remove the dependency array  react-hooks/exhaustive-deps

src\components\admin\AdminBrandingEditor.js
  Line 10:3:  'CardContent' is defined but never used. Allowed unused vars must match /^_/u                                    no-unused-vars
  Line 34:6:  React Hook useEffect has a missing dependency: 'loadBranding'. Either include it or remove the dependency array  react-hooks/exhaustive-deps

src\components\admin\AdminJoinRequests.js
  Line 20:3:   'Badge' is defined but never used. Allowed unused vars must match /^_/u                                          no-unused-vars
  Line 45:10:  'loading' is assigned a value but never used. Allowed unused vars must match /^_/u                               no-unused-vars
  Line 54:6:   React Hook useEffect has a missing dependency: 'loadRequests'. Either include it or remove the dependency array  react-hooks/exhaustive-deps

src\components\admin\AdminLogs.js
  Line 26:6:  React Hook useEffect has a missing dependency: 'loadLogs'. Either include it or remove the dependency array  react-hooks/exhaustive-deps

src\components\admin\AdminManagement.js
  Line 45:6:  React Hook useEffect has missing dependencies: 'loadAdmins' and 'loadUsers'. Either include them or remove the dependency array  react-hooks/exhaustive-deps

src\components\admin\AdminOverview.js
  Line 20:17:  'TrendingUpIcon' is defined but never used. Allowed unused vars must match /^_/u        no-unused-vars
  Line 21:19:  'TrendingDownIcon' is defined but never used. Allowed unused vars must match /^_/u      no-unused-vars
  Line 69:9:   'urgencyData' is assigned a value but never used. Allowed unused vars must match /^_/u  no-unused-vars

src\components\admin\AdminRequestManagement.js
  Line 4:3:    'Paper' is defined but never used. Allowed unused vars must match /^_/u                                            no-unused-vars
  Line 24:11:  'EditIcon' is defined but never used. Allowed unused vars must match /^_/u                                         no-unused-vars
  Line 47:6:   React Hook useEffect has a missing dependency: 'loadRequests'. Either include it or remove the dependency array    react-hooks/exhaustive-deps
  Line 51:6:   React Hook useEffect has a missing dependency: 'filterRequests'. Either include it or remove the dependency array  react-hooks/exhaustive-deps

src\components\admin\AdminSettings.js
  Line 11:3:  'Alert' is defined but never used. Allowed unused vars must match /^_/u                                          no-unused-vars
  Line 34:6:  React Hook useEffect has a missing dependency: 'loadSettings'. Either include it or remove the dependency array  react-hooks/exhaustive-deps

src\components\admin\AdminUserManagement.js
  Line 47:10:  'loading' is assigned a value but never used. Allowed unused vars must match /^_/u                              no-unused-vars
  Line 58:6:   React Hook useEffect has a missing dependency: 'loadUsers'. Either include it or remove the dependency array    react-hooks/exhaustive-deps
  Line 62:6:   React Hook useEffect has a missing dependency: 'filterUsers'. Either include it or remove the dependency array  react-hooks/exhaustive-deps

src\context\AppContext.js
  Line 4:10:  'MESSAGES' is defined but never used. Allowed unused vars must match /^_/u  no-unused-vars

src\firebase.js
  Line 35:9:  Unexpected console statement  no-console
  Line 37:9:  Unexpected console statement  no-console

src\pages\AdminPage.js
  Line 102:43:  'userId' is defined but never used. Allowed unused args must match /^_/u  no-unused-vars

src\pages\BrowseCommunitiesPage.js
  Line 54:7:   Unexpected console statement  no-console
  Line 58:7:   Unexpected console statement  no-console
  Line 68:11:  Unexpected console statement  no-console
  Line 74:11:  Unexpected console statement  no-console
  Line 89:7:   Unexpected console statement  no-console

src\pages\CreateCommunityPage.js
  Line 24:24:  'userProfile' is assigned a value but never used. Allowed unused vars must match /^_/u  no-unused-vars

src\services\errorLogger.js
  Line 76:5:   Unexpected console statement                                    no-console
  Line 257:1:  Assign object to a variable before exporting as module default  import/no-anonymous-default-export

src\utils\databaseMigration.js
  Line 6:47:    'setDoc' is defined but never used. Allowed unused vars must match /^_/u  no-unused-vars
  Line 15:3:    Unexpected console statement                                              no-console
  Line 22:5:    Unexpected console statement                                              no-console
  Line 60:5:    Unexpected console statement                                              no-console
  Line 85:5:    Unexpected console statement                                              no-console
  Line 99:5:    Unexpected console statement                                              no-console
  Line 120:5:   Unexpected console statement                                              no-console
  Line 135:5:   Unexpected console statement                                              no-console
  Line 163:9:   Unexpected console statement                                              no-console
  Line 167:5:   Unexpected console statement                                              no-console
  Line 180:3:   Unexpected console statement                                              no-console
  Line 187:5:   Unexpected console statement                                              no-console
  Line 212:5:   Unexpected console statement                                              no-console
  Line 213:5:   Unexpected console statement                                              no-console
  Line 214:5:   Unexpected console statement                                              no-console
  Line 218:5:   Unexpected console statement                                              no-console
  Line 233:7:   Unexpected console statement                                              no-console
  Line 236:7:   Unexpected console statement                                              no-console
  Line 237:31:  Unexpected console statement                                              no-console
  Line 251:3:   Unexpected console statement                                              no-console
  Line 264:7:   Unexpected console statement                                              no-console
  Line 266:7:   Unexpected console statement                                              no-console
  Line 288:5:   Unexpected console statement                                              no-console
  Line 331:5:   Unexpected console statement                                              no-console
  Line 379:5:   Unexpected console statement                                              no-console
  Line 388:1:   Assign object to a variable before exporting as module default            import/no-anonymous-default-export

src\utils\gamification.js
  Line 410:32:  'where' is assigned a value but never used. Allowed unused vars must match /^_/u  no-unused-vars
  Line 449:1:   Assign object to a variable before exporting as module default                    import/no-anonymous-default-export

src\utils\inputSanitization.js
  Line 85:16:  Unnecessary escape character: \/  no-useless-escape

src\utils\joinRequestUtils.js
  Line 136:5:  Unexpected console statement  no-console
  Line 147:5:  Unexpected console statement  no-console
  Line 150:5:  Unexpected console statement  no-console
  Line 172:5:  Unexpected console statement  no-console
  Line 175:5:  Unexpected console statement  no-console
  Line 182:5:  Unexpected console statement  no-console
  Line 185:5:  Unexpected console statement  no-console
  Line 194:7:  Unexpected console statement  no-console
  Line 206:7:  Unexpected console statement  no-console
  Line 212:5:  Unexpected console statement  no-console

src\utils\trustScore.js
  Line 301:5:  Unexpected console statement  no-console

Search for the keywords to learn more about each warning.
To ignore, add // eslint-disable-next-line to the line before.

File sizes after gzip:

  538.04 kB (+51 B)  build\static\js\main.50608ff5.js
  9.16 kB            build\static\css\main.92ec1e55.css

The bundle size is significantly larger than recommended.
Consider reducing it with code splitting: https://goo.gl/9VhYWB
You can also analyze the project dependencies: https://goo.gl/LeUzfb

The project was built assuming it is hosted at /.
You can control this with the homepage field in your package.json.

The build folder is ready to be deployed.
You may serve it with a static server:

  serve -s build

Find out more about deployment here:

  https://cra.link/deployment

